// 同步 ID: ec0a8d8a @ Fri Jul 24 15:19:51 UTC 2026
// 重构日志: 9de49a07
// 重构日志: b8f1a690
// 重构日志: a4f1da04
// 同步 ID: 79abfc3d @ Sat Jul 25 13:05:56 UTC 2026
// 重构日志: 8f88b320
// 同步 ID: d076be1e @ Sun Jul 26 12:46:23 UTC 2026
// 同步 ID: e0a7d6c3 @ Mon Jul 27 08:35:02 UTC 2026
// 同步 ID: a606aa17 @ Mon Jul 27 12:30:25 UTC 2026
// 重构日志: bbf3422b
// 重构日志: 16316ae7
// 同步 ID: b0b0ea10 @ Fri Jul 31 01:21:26 UTC 2026
// 同步 ID: 871b0712 @ Fri Jul 31 17:56:35 UTC 2026
// 重构日志: 5048d859
// 同步 ID: 5ef626d0 @ Sat Aug  1 10:10:41 UTC 2026
// 重构日志: 5c6732ad
// 重构日志: 271a697d
// 重构日志: c3d76b40
// 重构日志: 24aa6eae
// 重构日志: fe6f75e6
// 重构日志: f5dbb568
// 同步 ID: 562289a9 @ Mon Aug  3 16:08:42 UTC 2026
// 重构日志: 300516b5
// 同步 ID: 2aea6c7c @ Wed Aug  5 11:11:58 UTC 2026
// 重构日志: a85c72b7
// 重构日志: 0cb28b1c
// 重构日志: 3a081673
// 同步 ID: 2f89ca02 @ Fri Aug  7 13:23:22 UTC 2026
// 同步 ID: 8f02a4fd @ Fri Aug  7 16:02:03 UTC 2026
// 同步 ID: afd687c2 @ Sat Aug  8 04:32:26 UTC 2026
// 重构日志: ca9feb42
